case: combo: typo on verb + missing literal 'to'
input: sand title "hi" p
runner: STATEMENT
env:
  var p: player
suggestions: 2
  [#0] send title %title:STRING% to %who:PLAYER%
    confidence: 0.850
    issues:
      - typo: 'sand' (col 0) should be 'send'
  [#1] send title %title:STRING% with subtitle %sub:STRING% to %who:PLAYER%
    confidence: 0.850
    issues:
      - typo: 'sand' (col 0) should be 'send'
