case: combo: extra leading + trailing words
input: please kill p now
runner: STATEMENT
env:
  var p: player
suggestions: 2
  [#0] (kill|slay) %who:PLAYER%
    confidence: 0.840
    issues:
      - extra tokens: 'please' (col 0), 'now' (col 14)
  [#1] (kill|slay) %e:LIVING_ENTITY%
    confidence: 0.840
    issues:
      - extra tokens: 'please' (col 0), 'now' (col 14)
