case: combo: typo + extra trailing word
input: kil mob extra
runner: STATEMENT
env:
  var mob: living_entity
suggestions: 2
  [#0] (kill|slay) %e:LIVING_ENTITY%
    confidence: 0.870
    issues:
      - extra tokens: 'extra' (col 8)
      - typo: 'kil' (col 0) should be 'kill'
  [#1] (kill|slay) %who:PLAYER%
    confidence: 0.547
    issues:
      - typo: 'kil' (col 0) should be 'kill'
      - type mismatch: 'mob' (col 4) is not a PLAYER ('mob' is a living_entity, not a player)
      - extra tokens: 'extra' (col 8)
