case: cond: location inside region
input: loc is inside a to b
runner: CONDITION
env:
  var loc: location
  var a: location
  var b: location
suggestions: 2
  [#0] %loc:LOCATION% (is|is not) inside %min:LOCATION% to %max:LOCATION%
    confidence: 1.000
    issues: <none>
  [#1] %who:PLAYER% (is|is not) inside %min:LOCATION% to %max:LOCATION%
    confidence: 0.730
    issues:
      - type mismatch: 'loc' (col 0) is not a PLAYER ('loc' is a location, not a player)
