case: expr: get p's health
input: get p's health
runner: EXPRESSION
env:
  var p: player
suggestions: 2
  [#0] get %e:ENTITY_POSSESSIVE% health
    confidence: 1.000
    issues: <none>
  [#1] get %i:ITEMSTACK_POSSESSIVE% lore
    confidence: 0.730
    issues:
      - type mismatch: 'p's' (col 4) is not a ITEMSTACK_POSSESSIVE ('p' is a player, not an item)
