case: expr: get p's health
input: get p's health
runner: EXPRESSION
env:
  var p: player
suggestions: 2
  [#0] get %e:ENTITY_POSSESSIVE% health
    confidence: 1.000
    issues: <none>
  [#1] get %e:ENTITY_POSSESSIVE% %attr:ATTRIBUTE% [base] [value]
    confidence: 0.730
    issues:
      - type mismatch: 'health' (col 8) is not a ATTRIBUTE ('health' is not a valid attribute)
