case: extra: extra word after kill
input: kill p now
runner: STATEMENT
env:
  var p: player
suggestions: 2
  [#0] (kill|slay) %who:PLAYER%
    confidence: 0.920
    issues:
      - extra tokens: 'now' (col 7)
  [#1] (kill|slay) %e:LIVING_ENTITY%
    confidence: 0.920
    issues:
      - extra tokens: 'now' (col 7)
