case: missing: teleport with player only
input: teleport p to
runner: STATEMENT
env:
  var p: player
suggestions: 2
  [#0] (teleport|tp) %e:ENTITY% [to] %loc:LOCATION%
    confidence: 0.730
    issues:
      - missing binding: LOCATION (col 14)
  [#1] (teleport|tp) %e:ENTITY% [to] %target:ENTITY%
    confidence: 0.730
    issues:
      - missing binding: ENTITY (col 10)
