case: pileup: spawn with typo, swap, missing literal, extras
input: spwan at l zomb extra now
runner: STATEMENT
env:
  var l: location
suggestions: 1
  [#0] spawn %type:ENTITY_TYPE% [at] %loc:LOCATION%
    confidence: 0.547
    issues:
      - typo: 'spwan' (col 0) should be 'spawn'
      - type mismatch: 'at' (col 6) is not a ENTITY_TYPE ('at' is not a valid entity type)
      - extra tokens: 'zomb' (col 11), 'extra' (col 16), 'now' (col 22)
