case: pileup: every with typo, missing unit, extras
input: ever 5 maybe please now
runner: BLOCK
env: <empty>
suggestions: 2
  [#0] every %n:NUMBER% (tick|second|minute|hour|day)[s]
    confidence: 0.600
    issues:
      - typo: 'ever' (col 0) should be 'every'
  [#1] every %n:NUMBER% (tick|second|minute|hour|day)[s] as %name:STRING%
    confidence: 0.600
    issues:
      - typo: 'ever' (col 0) should be 'every'
