case: pileup: damage with typo, wrong type, swap, extras
input: damge by "five" name extra now please
runner: STATEMENT
env:
  var name: string
suggestions: 2
  [#0] damage %e:LIVING_ENTITY% [by] %val:INT%
    confidence: 0.451
    issues:
      - typo: 'damge' (col 0) should be 'damage'
      - type mismatch: 'five' (col 9) is not a LIVING_ENTITY ('five' does not exist in this scope)
      - extra tokens: 'extra' (col 21), 'now' (col 27), 'please' (col 31)
  [#1] name[:] %n:STRING%
    confidence: 0.429
    issues:
      - typo: 'name' (col 16) should be 'name:'
