case: possessive: capital possessive 'P's'
input: get P's health
runner: EXPRESSION
env:
  var p: player
suggestions: 2
  [#0] get %e:ENTITY_POSSESSIVE% health
    confidence: 0.730
    issues:
      - type mismatch: 'P's' (col 4) is not a ENTITY_POSSESSIVE ('P' does not exist in this scope)
  [#1] get %e:ENTITY_POSSESSIVE% max health
    confidence: 0.730
    issues:
      - type mismatch: 'P's' (col 4) is not a ENTITY_POSSESSIVE ('P' does not exist in this scope)
