case: rust: let binding with type
input: let count: i32 = 5;
runner: STATEMENT
env: <empty>
suggestions: 2
  [#0] set %name:IDENT% to %val:EXPR%
    confidence: 0.429
    issues:
      - typo: 'let' (col 0) should be 'set'
  [#1] get %i:ITEMSTACK_POSSESSIVE% amount
    confidence: 0.309
    issues:
      - typo: 'let' (col 0) should be 'get'
      - type mismatch: 'count' (col 4) is not a ITEMSTACK_POSSESSIVE ('count' must use possessive form (e.g. item's))
