case: skript: every percent placeholder
input: send "%player% joined" to console
runner: STATEMENT
env: <empty>
suggestions: 2
  [#0] send title %title:STRING% to %who:PLAYER%
    confidence: 0.250
    issues:
      - missing literal: 'title' (after token 0)
  [#1] send actionbar %text:STRING% to %who:PLAYER%
    confidence: 0.250
    issues:
      - missing literal: 'actionbar' (after token 0)
