case: skript: curly global var assignment
input: set {score::%player%} to 0
runner: STATEMENT
env: <empty>
suggestions: 2
  [#0] set %name:IDENT% to %val:EXPR%
    confidence: 0.750
    issues:
      - handler rejected: Variable name '{' must start with a letter or digit, but starts with '{'
  [#1] set %e:ENTITY_POSSESSIVE% %attr:ATTRIBUTE% [base] [value] [to] %val:DOUBLE%
    confidence: 0.730
    issues:
      - missing binding: ATTRIBUTE (col 21)
