case: swap: teleport target before player
input: teleport l to p
runner: STATEMENT
env:
  var p: player
  var l: location
suggestions: 2
  [#0] (teleport|tp) %e:ENTITY% [to] %target:ENTITY%
    confidence: 0.730
    issues:
      - type mismatch: 'l' (col 9) is not a ENTITY ('l' is a location, not an entity)
  [#1] (teleport|tp) %e:ENTITY% [to] %loc:LOCATION%
    confidence: 0.610
    issues:
      - type mismatch: 'l' (col 9) is not a ENTITY ('l' is a location, not an entity)
      - type mismatch: 'p' (col 14) is not a LOCATION ('p' is a player, not a location)
