case: swap: send title recipient before string (BUG locked)
input: send title to p "hi"
runner: STATEMENT
env:
  var p: player
suggestions: 2
  [#0] send title %title:STRING% to %who:PLAYER%
    confidence: 0.400
    issues:
      - missing literal: 'to' (after token 2)
  [#1] send title %title:STRING% with subtitle %sub:STRING% to %who:PLAYER%
    confidence: 0.400
    issues:
      - missing literal: 'with' (after token 2)
