case: type: give to non-player target
input: give "alice" diamond
runner: STATEMENT
env: <empty>
suggestions: 2
  [#0] give %who:PLAYER% %item:ITEM%
    confidence: 0.730
    issues:
      - type mismatch: 'alice' (col 5) is not a PLAYER ('alice' does not exist in this scope)
  [#1] give %who:PLAYER% %item:MATERIAL% %amt:INT%
    confidence: 0.610
    issues:
      - type mismatch: 'alice' (col 5) is not a PLAYER ('alice' does not exist in this scope)
      - missing binding: INT (col 21)
