case: typo: 'kil' for 'kill'
input: kil p
runner: STATEMENT
env:
  var p: player
suggestions: 2
  [#0] (kill|slay) %who:PLAYER%
    confidence: 0.950
    issues:
      - typo: 'kil' (col 0) should be 'kill'
  [#1] (kill|slay) %e:LIVING_ENTITY%
    confidence: 0.950
    issues:
      - typo: 'kil' (col 0) should be 'kill'
