case: typo: 'st' for 'set'
input: st x to 5
runner: STATEMENT
env: <empty>
suggestions: 2
  [#0] set %name:IDENT% to %val:EXPR%
    confidence: 0.950
    issues:
      - typo: 'st' (col 0) should be 'set'
  [#1] set %b:BLOCK% data [to] %data:STRING%
    confidence: 0.630
    issues:
      - typo: 'st' (col 0) should be 'set'
      - type mismatch: 'x' (col 3) is not a BLOCK ('x' is a int, not a block)
